Archive member included to satisfy reference by file (symbol)

c:/program files (x86)/embitz/1.11/share/em_armgcc/bin/../lib/gcc/arm-none-eabi/5.4.1/../../../../arm-none-eabi/lib/armv7-m\libg_n.a(lib_a-exit.o)
                              c:/program files (x86)/embitz/1.11/share/em_armgcc/bin/../lib/gcc/arm-none-eabi/5.4.1/../../../../arm-none-eabi/lib/armv7-m/crt0.o (exit)
c:/program files (x86)/embitz/1.11/share/em_armgcc/bin/../lib/gcc/arm-none-eabi/5.4.1/../../../../arm-none-eabi/lib/armv7-m\libg_n.a(lib_a-impure.o)
                              c:/program files (x86)/embitz/1.11/share/em_armgcc/bin/../lib/gcc/arm-none-eabi/5.4.1/../../../../arm-none-eabi/lib/armv7-m\libg_n.a(lib_a-exit.o) (_global_impure_ptr)
c:/program files (x86)/embitz/1.11/share/em_armgcc/bin/../lib/gcc/arm-none-eabi/5.4.1/../../../../arm-none-eabi/lib/armv7-m\libg_n.a(lib_a-init.o)
                              c:/program files (x86)/embitz/1.11/share/em_armgcc/bin/../lib/gcc/arm-none-eabi/5.4.1/../../../../arm-none-eabi/lib/armv7-m/crt0.o (__libc_init_array)
c:/program files (x86)/embitz/1.11/share/em_armgcc/bin/../lib/gcc/arm-none-eabi/5.4.1/../../../../arm-none-eabi/lib/armv7-m\libg_n.a(lib_a-memcpy-stub.o)
                              obj\debug\freertos\queue.o (memcpy)
c:/program files (x86)/embitz/1.11/share/em_armgcc/bin/../lib/gcc/arm-none-eabi/5.4.1/../../../../arm-none-eabi/lib/armv7-m\libg_n.a(lib_a-memset.o)
                              c:/program files (x86)/embitz/1.11/share/em_armgcc/bin/../lib/gcc/arm-none-eabi/5.4.1/../../../../arm-none-eabi/lib/armv7-m/crt0.o (memset)
c:/program files (x86)/embitz/1.11/share/em_armgcc/bin/../lib/gcc/arm-none-eabi/5.4.1/../../../../arm-none-eabi/lib/armv7-m\libnosys_s.a(_exit.o)
                              c:/program files (x86)/embitz/1.11/share/em_armgcc/bin/../lib/gcc/arm-none-eabi/5.4.1/../../../../arm-none-eabi/lib/armv7-m\libg_n.a(lib_a-exit.o) (_exit)

Allocating common symbols
Common symbol       size              file

xRtcTaskTCBBuffer   0x54              obj\debug\src\drvrtc.o
xGOLTaskTCBBuffer   0x54              obj\debug\src\gameoflife.o
xUartTaskTCBBuffer  0x54              obj\debug\src\drvuart.o
xRtcStack           0x100             obj\debug\src\drvrtc.o
xDisplayStack       0x200             obj\debug\src\drvssd1306.o
xUartStack          0x400             obj\debug\src\drvuart.o
xGOLStack           0x200             obj\debug\src\gameoflife.o
xDisplayTaskTCBBuffer
                    0x54              obj\debug\src\drvssd1306.o

Discarded input sections

 .text          0x00000000        0x0 c:/program files (x86)/embitz/1.11/share/em_armgcc/bin/../lib/gcc/arm-none-eabi/5.4.1/armv7-m/crti.o
 .data          0x00000000        0x0 c:/program files (x86)/embitz/1.11/share/em_armgcc/bin/../lib/gcc/arm-none-eabi/5.4.1/armv7-m/crti.o
 .bss           0x00000000        0x0 c:/program files (x86)/embitz/1.11/share/em_armgcc/bin/../lib/gcc/arm-none-eabi/5.4.1/armv7-m/crti.o
 .data          0x00000000        0x4 c:/program files (x86)/embitz/1.11/share/em_armgcc/bin/../lib/gcc/arm-none-eabi/5.4.1/armv7-m/crtbegin.o
 .data          0x00000000        0x0 c:/program files (x86)/embitz/1.11/share/em_armgcc/bin/../lib/gcc/arm-none-eabi/5.4.1/../../../../arm-none-eabi/lib/armv7-m/crt0.o
 .bss           0x00000000        0x0 c:/program files (x86)/embitz/1.11/share/em_armgcc/bin/../lib/gcc/arm-none-eabi/5.4.1/../../../../arm-none-eabi/lib/armv7-m/crt0.o
 .ARM.extab     0x00000000        0x0 c:/program files (x86)/embitz/1.11/share/em_armgcc/bin/../lib/gcc/arm-none-eabi/5.4.1/../../../../arm-none-eabi/lib/armv7-m/crt0.o
 .group         0x00000000        0x8 obj\debug\freertos\croutine.o
 .group         0x00000000        0x8 obj\debug\freertos\croutine.o
 .group         0x00000000        0x8 obj\debug\freertos\croutine.o
 .group         0x00000000        0x8 obj\debug\freertos\croutine.o
 .group         0x00000000        0x8 obj\debug\freertos\croutine.o
 .group         0x00000000        0x8 obj\debug\freertos\croutine.o
 .group         0x00000000        0x8 obj\debug\freertos\croutine.o
 .group         0x00000000        0x8 obj\debug\freertos\croutine.o
 .group         0x00000000        0x8 obj\debug\freertos\croutine.o
 .group         0x00000000        0x8 obj\debug\freertos\croutine.o
 .group         0x00000000        0x8 obj\debug\freertos\croutine.o
 .group         0x00000000        0x8 obj\debug\freertos\croutine.o
 .group         0x00000000        0x8 obj\debug\freertos\croutine.o
 .group         0x00000000        0x8 obj\debug\freertos\croutine.o
 .group         0x00000000        0x8 obj\debug\freertos\croutine.o
 .group         0x00000000        0x8 obj\debug\freertos\croutine.o
 .group         0x00000000        0x8 obj\debug\freertos\croutine.o
 .text          0x00000000        0x0 obj\debug\freertos\croutine.o
 .data          0x00000000        0x0 obj\debug\freertos\croutine.o
[...]
Memory Configuration

Name             Origin             Length             Attributes
ROM              0x08000000         0x00008000         xr
RAM              0x20000000         0x00002800         xrw
*default*        0x00000000         0xffffffff

Linker script and memory map

LOAD c:/program files (x86)/embitz/1.11/share/em_armgcc/bin/../lib/gcc/arm-none-eabi/5.4.1/armv7-m/crti.o
LOAD c:/program files (x86)/embitz/1.11/share/em_armgcc/bin/../lib/gcc/arm-none-eabi/5.4.1/armv7-m/crtbegin.o
LOAD c:/program files (x86)/embitz/1.11/share/em_armgcc/bin/../lib/gcc/arm-none-eabi/5.4.1/../../../../arm-none-eabi/lib/armv7-m/crt0.o
                0x00000000                __HEAP_SIZE = 0x0
                0x00000100                __STACK_SIZE = 0x100

.text           0x08000000     0x7108
 *(.isr_vector)
 .isr_vector    0x08000000       0xec obj\debug\src\startup_stm32f10x_md.o
                0x08000000                __isr_vector
 *(.text*)
 .text          0x080000ec       0x5c c:/program files (x86)/embitz/1.11/share/em_armgcc/bin/../lib/gcc/arm-none-eabi/5.4.1/armv7-m/crtbegin.o
 .text          0x08000148       0x74 c:/program files (x86)/embitz/1.11/share/em_armgcc/bin/../lib/gcc/arm-none-eabi/5.4.1/../../../../arm-none-eabi/lib/armv7-m/crt0.o
                0x08000148                _start
                0x08000148                _mainCRTStartup
 .text.vListInitialise
                0x080001bc       0x40 obj\debug\freertos\list.o
                0x080001bc                vListInitialise
 .text.vListInitialiseItem
                0x080001fc       0x18 obj\debug\freertos\list.o
                0x080001fc                vListInitialiseItem
 .text.vListInsertEnd
                0x08000214       0x48 obj\debug\freertos\list.o
                0x08000214                vListInsertEnd
 .text.vListInsert
                0x0800025c       0x70 obj\debug\freertos\list.o
                0x0800025c                vListInsert
 .text.uxListRemove
                0x080002cc       0x54 obj\debug\freertos\list.o
                0x080002cc                uxListRemove
 .text.pxPortInitialiseStack
                0x08000320       0x58 obj\debug\freertos\port.o
                0x08000320                pxPortInitialiseStack
 .text.prvTaskExitError
                0x08000378       0x34 obj\debug\freertos\port.o
 *fill*         0x080003ac        0x4 
 .text.vPortSVCHandler
                0x080003b0       0x28 obj\debug\freertos\port.o
                0x080003b0                vPortSVCHandler
 .text.prvPortStartFirstTask
                0x080003d8       0x20 obj\debug\freertos\port.o
 .text.xPortStartScheduler
                0x080003f8       0xbc obj\debug\freertos\port.o
                0x080003f8                xPortStartScheduler
 .text.vPortEnterCritical
                0x080004b4       0x54 obj\debug\freertos\port.o
                0x080004b4                vPortEnterCritical
 .text.vPortExitCritical
                0x08000508       0x44 obj\debug\freertos\port.o
                0x08000508                vPortExitCritical
 *fill*         0x0800054c        0x4 
 .text.xPortPendSVHandler
                0x08000550       0x48 obj\debug\freertos\port.o
                0x08000550                xPortPendSVHandler
 .text.xPortSysTickHandler
                0x08000598       0x40 obj\debug\freertos\port.o
                0x08000598                xPortSysTickHandler
 .text.vPortSetupTimerInterrupt
                0x080005d8       0x24 obj\debug\freertos\port.o
                0x080005d8                vPortSetupTimerInterrupt
 .text.vPortValidateInterruptPriority
                0x080005fc       0x68 obj\debug\freertos\port.o
                0x080005fc                vPortValidateInterruptPriority
 .text.xQueueGenericReset
                0x08000664       0xc8 obj\debug\freertos\queue.o
                0x08000664                xQueueGenericReset
 .text.xQueueGenericCreateStatic
                0x0800072c       0xb0 obj\debug\freertos\queue.o
                0x0800072c                xQueueGenericCreateStatic
 .text.prvInitialiseNewQueue
                0x080007dc       0x40 obj\debug\freertos\queue.o
 .text.prvInitialiseMutex
                0x0800081c       0x34 obj\debug\freertos\queue.o
 .text.xQueueCreateMutexStatic
                0x08000850       0x38 obj\debug\freertos\queue.o
                0x08000850                xQueueCreateMutexStatic
 .text.xQueueGenericSend
                0x08000888      0x1ac obj\debug\freertos\queue.o
                0x08000888                xQueueGenericSend
 .text.xQueueGenericSendFromISR
                0x08000a34      0x10c obj\debug\freertos\queue.o
                0x08000a34                xQueueGenericSendFromISR
 .text.xQueueGenericReceive
                0x08000b40      0x1e8 obj\debug\freertos\queue.o
                0x08000b40                xQueueGenericReceive
 .text.xQueueReceiveFromISR
                0x08000d28       0xe8 obj\debug\freertos\queue.o
                0x08000d28                xQueueReceiveFromISR
 .text.prvCopyDataToQueue
                0x08000e10       0xd4 obj\debug\freertos\queue.o
 .text.prvCopyDataFromQueue
                0x08000ee4       0x4c obj\debug\freertos\queue.o
 .text.prvUnlockQueue
                0x08000f30       0xa4 obj\debug\freertos\queue.o
 .text.prvIsQueueEmpty
                0x08000fd4       0x2c obj\debug\freertos\queue.o
 .text.prvIsQueueFull
                0x08001000       0x30 obj\debug\freertos\queue.o
 .text.xTaskCreateStatic
                0x08001030       0x7c obj\debug\freertos\tasks.o
                0x08001030                xTaskCreateStatic
 .text.prvInitialiseNewTask
                0x080010ac       0xf8 obj\debug\freertos\tasks.o
 .text.prvAddNewTaskToReadyList
                0x080011a4       0xd4 obj\debug\freertos\tasks.o
 .text.vTaskDelayUntil
                0x08001278       0xdc obj\debug\freertos\tasks.o
                0x08001278                vTaskDelayUntil
 .text.vTaskDelay
                0x08001354       0x60 obj\debug\freertos\tasks.o
                0x08001354                vTaskDelay
 .text.vTaskStartScheduler
                0x080013b4       0xb8 obj\debug\freertos\tasks.o
                0x080013b4                vTaskStartScheduler
 .text.vTaskSuspendAll
                0x0800146c       0x1c obj\debug\freertos\tasks.o
                0x0800146c                vTaskSuspendAll
 .text.xTaskResumeAll
                0x08001488      0x130 obj\debug\freertos\tasks.o
                0x08001488                xTaskResumeAll
 .text.xTaskGetTickCount
                0x080015b8       0x1c obj\debug\freertos\tasks.o
                0x080015b8                xTaskGetTickCount
 .text.xTaskIncrementTick
                0x080015d4      0x184 obj\debug\freertos\tasks.o
                0x080015d4                xTaskIncrementTick
 .text.vTaskSwitchContext
                0x08001758       0xcc obj\debug\freertos\tasks.o
                0x08001758                vTaskSwitchContext
 .text.vTaskPlaceOnEventList
                0x08001824       0x40 obj\debug\freertos\tasks.o
                0x08001824                vTaskPlaceOnEventList
 .text.xTaskRemoveFromEventList
                0x08001864       0xbc obj\debug\freertos\tasks.o
                0x08001864                xTaskRemoveFromEventList
 .text.vTaskSetTimeOutState
                0x08001920       0x3c obj\debug\freertos\tasks.o
                0x08001920                vTaskSetTimeOutState
 .text.xTaskCheckForTimeOut
                0x0800195c       0xac obj\debug\freertos\tasks.o
                0x0800195c                xTaskCheckForTimeOut
 .text.vTaskMissedYield
                0x08001a08       0x18 obj\debug\freertos\tasks.o
                0x08001a08                vTaskMissedYield
 .text.prvIdleTask
                0x08001a20       0x34 obj\debug\freertos\tasks.o
 .text.prvInitialiseTaskLists
                0x08001a54       0x80 obj\debug\freertos\tasks.o
 .text.prvCheckTasksWaitingTermination
                0x08001ad4       0x78 obj\debug\freertos\tasks.o
 .text.prvDeleteTCB
                0x08001b4c       0x14 obj\debug\freertos\tasks.o
 .text.prvResetNextTaskUnblockTime
                0x08001b60       0x48 obj\debug\freertos\tasks.o
 .text.xTaskGetCurrentTaskHandle
                0x08001ba8       0x1c obj\debug\freertos\tasks.o
                0x08001ba8                xTaskGetCurrentTaskHandle
 .text.vTaskPriorityInherit
                0x08001bc4       0xec obj\debug\freertos\tasks.o
                0x08001bc4                vTaskPriorityInherit
 .text.xTaskPriorityDisinherit
                0x08001cb0       0xf8 obj\debug\freertos\tasks.o
                0x08001cb0                xTaskPriorityDisinherit
 .text.pvTaskIncrementMutexHeldCount
                0x08001da8       0x28 obj\debug\freertos\tasks.o
                0x08001da8                pvTaskIncrementMutexHeldCount
 .text.ulTaskNotifyTake
                0x08001dd0       0x90 obj\debug\freertos\tasks.o
                0x08001dd0                ulTaskNotifyTake
 .text.xTaskGenericNotify
                0x08001e60      0x134 obj\debug\freertos\tasks.o
                0x08001e60                xTaskGenericNotify
 .text.vTaskNotifyGiveFromISR
                0x08001f94      0x110 obj\debug\freertos\tasks.o
                0x08001f94                vTaskNotifyGiveFromISR
 .text.prvAddCurrentTaskToDelayedList
                0x080020a4       0xcc obj\debug\freertos\tasks.o
 .text.NVIC_PriorityGroupConfig
                0x08002170       0x58 obj\debug\spl\src\misc.o
                0x08002170                NVIC_PriorityGroupConfig
 .text.NVIC_Init
                0x080021c8      0x100 obj\debug\spl\src\misc.o
                0x080021c8                NVIC_Init
 .text.ADC_DeInit
                0x080022c8       0x98 obj\debug\spl\src\stm32f10x_adc.o
                0x080022c8                ADC_DeInit
 .text.ADC_Init
                0x08002360      0x22c obj\debug\spl\src\stm32f10x_adc.o
                0x08002360                ADC_Init
 .text.ADC_Cmd  0x0800258c       0x7c obj\debug\spl\src\stm32f10x_adc.o
                0x0800258c                ADC_Cmd
 .text.ADC_ResetCalibration
                0x08002608       0x50 obj\debug\spl\src\stm32f10x_adc.o
                0x08002608                ADC_ResetCalibration
 .text.ADC_SoftwareStartConvCmd
                0x08002658       0x7c obj\debug\spl\src\stm32f10x_adc.o
                0x08002658                ADC_SoftwareStartConvCmd
 .text.ADC_RegularChannelConfig
                0x080026d4      0x288 obj\debug\spl\src\stm32f10x_adc.o
                0x080026d4                ADC_RegularChannelConfig
 .text.ADC_GetConversionValue
                0x0800295c       0x48 obj\debug\spl\src\stm32f10x_adc.o
                0x0800295c                ADC_GetConversionValue
 .text.ADC_TempSensorVrefintCmd
                0x080029a4       0x50 obj\debug\spl\src\stm32f10x_adc.o
                0x080029a4                ADC_TempSensorVrefintCmd
 .text.ADC_GetFlagStatus
                0x080029f4       0x8c obj\debug\spl\src\stm32f10x_adc.o
                0x080029f4                ADC_GetFlagStatus
 .text.ADC_ClearFlag
                0x08002a80       0x68 obj\debug\spl\src\stm32f10x_adc.o
                0x08002a80                ADC_ClearFlag
 .text.BKP_DeInit
                0x08002ae8       0x14 obj\debug\spl\src\stm32f10x_bkp.o
                0x08002ae8                BKP_DeInit
 .text.CRC_CalcCRC
                0x08002afc       0x20 obj\debug\spl\src\stm32f10x_crc.o
                0x08002afc                CRC_CalcCRC
 .text.DMA_Cmd  0x08002b1c       0xec obj\debug\spl\src\stm32f10x_dma.o
                0x08002b1c                DMA_Cmd
 .text.DMA_GetITStatus
                0x08002c08      0x23c obj\debug\spl\src\stm32f10x_dma.o
                0x08002c08                DMA_GetITStatus
 .text.DMA_ClearITPendingBit
                0x08002e44       0x5c obj\debug\spl\src\stm32f10x_dma.o
                0x08002e44                DMA_ClearITPendingBit
 .text.GPIO_Init
                0x08002ea0      0x250 obj\debug\spl\src\stm32f10x_gpio.o
                0x08002ea0                GPIO_Init
 .text.GPIO_StructInit
                0x080030f0       0x28 obj\debug\spl\src\stm32f10x_gpio.o
                0x080030f0                GPIO_StructInit
 .text.I2C_Init
                0x08003118      0x24c obj\debug\spl\src\stm32f10x_i2c.o
                0x08003118                I2C_Init
 .text.I2C_Cmd  0x08003364       0x78 obj\debug\spl\src\stm32f10x_i2c.o
                0x08003364                I2C_Cmd
 .text.I2C_GenerateSTART
                0x080033dc       0x78 obj\debug\spl\src\stm32f10x_i2c.o
                0x080033dc                I2C_GenerateSTART
 .text.I2C_GenerateSTOP
                0x08003454       0x78 obj\debug\spl\src\stm32f10x_i2c.o
                0x08003454                I2C_GenerateSTOP
 .text.I2C_SendData
                0x080034cc       0x44 obj\debug\spl\src\stm32f10x_i2c.o
                0x080034cc                I2C_SendData
 .text.I2C_Send7bitAddress
                0x08003510       0x74 obj\debug\spl\src\stm32f10x_i2c.o
                0x08003510                I2C_Send7bitAddress
 .text.I2C_CheckEvent
                0x08003584      0x168 obj\debug\spl\src\stm32f10x_i2c.o
                0x08003584                I2C_CheckEvent
 .text.PWR_BackupAccessCmd
                0x080036ec       0x34 obj\debug\spl\src\stm32f10x_pwr.o
                0x080036ec                PWR_BackupAccessCmd
 .text.RCC_ADCCLKConfig
                0x08003720       0x60 obj\debug\spl\src\stm32f10x_rcc.o
                0x08003720                RCC_ADCCLKConfig
 .text.RCC_LSEConfig
                0x08003780       0x60 obj\debug\spl\src\stm32f10x_rcc.o
                0x08003780                RCC_LSEConfig
 .text.RCC_RTCCLKConfig
                0x080037e0       0x48 obj\debug\spl\src\stm32f10x_rcc.o
                0x080037e0                RCC_RTCCLKConfig
 .text.RCC_RTCCLKCmd
                0x08003828       0x38 obj\debug\spl\src\stm32f10x_rcc.o
                0x08003828                RCC_RTCCLKCmd
 .text.RCC_GetClocksFreq
                0x08003860      0x160 obj\debug\spl\src\stm32f10x_rcc.o
                0x08003860                RCC_GetClocksFreq
 .text.RCC_AHBPeriphClockCmd
                0x080039c0       0x74 obj\debug\spl\src\stm32f10x_rcc.o
                0x080039c0                RCC_AHBPeriphClockCmd
 .text.RCC_APB2PeriphClockCmd
                0x08003a34       0x74 obj\debug\spl\src\stm32f10x_rcc.o
                0x08003a34                RCC_APB2PeriphClockCmd
 .text.RCC_APB1PeriphClockCmd
                0x08003aa8       0x74 obj\debug\spl\src\stm32f10x_rcc.o
                0x08003aa8                RCC_APB1PeriphClockCmd
 .text.RCC_APB2PeriphResetCmd
                0x08003b1c       0x74 obj\debug\spl\src\stm32f10x_rcc.o
                0x08003b1c                RCC_APB2PeriphResetCmd
 .text.RCC_APB1PeriphResetCmd
                0x08003b90       0x74 obj\debug\spl\src\stm32f10x_rcc.o
                0x08003b90                RCC_APB1PeriphResetCmd
 .text.RCC_BackupResetCmd
                0x08003c04       0x38 obj\debug\spl\src\stm32f10x_rcc.o
                0x08003c04                RCC_BackupResetCmd
 .text.RCC_GetFlagStatus
                0x08003c3c       0xc0 obj\debug\spl\src\stm32f10x_rcc.o
                0x08003c3c                RCC_GetFlagStatus
 .text.RTC_ITConfig
                0x08003cfc       0x7c obj\debug\spl\src\stm32f10x_rtc.o
                0x08003cfc                RTC_ITConfig
 .text.RTC_EnterConfigMode
                0x08003d78       0x20 obj\debug\spl\src\stm32f10x_rtc.o
                0x08003d78                RTC_EnterConfigMode
 .text.RTC_ExitConfigMode
                0x08003d98       0x20 obj\debug\spl\src\stm32f10x_rtc.o
                0x08003d98                RTC_ExitConfigMode
 .text.RTC_GetCounter
                0x08003db8       0x2c obj\debug\spl\src\stm32f10x_rtc.o
                0x08003db8                RTC_GetCounter
 .text.RTC_SetCounter
                0x08003de4       0x30 obj\debug\spl\src\stm32f10x_rtc.o
                0x08003de4                RTC_SetCounter
 .text.RTC_SetPrescaler
                0x08003e14       0x48 obj\debug\spl\src\stm32f10x_rtc.o
                0x08003e14                RTC_SetPrescaler
 .text.RTC_WaitForLastTask
                0x08003e5c       0x20 obj\debug\spl\src\stm32f10x_rtc.o
                0x08003e5c                RTC_WaitForLastTask
 .text.RTC_WaitForSynchro
                0x08003e7c       0x30 obj\debug\spl\src\stm32f10x_rtc.o
                0x08003e7c                RTC_WaitForSynchro
 .text.RTC_GetITStatus
                0x08003eac       0x6c obj\debug\spl\src\stm32f10x_rtc.o
                0x08003eac                RTC_GetITStatus
 .text.RTC_ClearITPendingBit
                0x08003f18       0x4c obj\debug\spl\src\stm32f10x_rtc.o
                0x08003f18                RTC_ClearITPendingBit
 .text.USART_Init
                0x08003f64      0x2b8 obj\debug\spl\src\stm32f10x_usart.o
                0x08003f64                USART_Init
 .text.USART_Cmd
                0x0800421c       0x9c obj\debug\spl\src\stm32f10x_usart.o
                0x0800421c                USART_Cmd
 .text.USART_ITConfig
                0x080042b8      0x16c obj\debug\spl\src\stm32f10x_usart.o
                0x080042b8                USART_ITConfig
 .text.USART_SendData
                0x08004424       0x7c obj\debug\spl\src\stm32f10x_usart.o
                0x08004424                USART_SendData
 .text.USART_ReceiveData
                0x080044a0       0x68 obj\debug\spl\src\stm32f10x_usart.o
                0x080044a0                USART_ReceiveData
 .text.USART_GetITStatus
                0x08004508      0x18c obj\debug\spl\src\stm32f10x_usart.o
                0x08004508                USART_GetITStatus
 .text.USART_ClearITPendingBit
                0x08004694       0xe0 obj\debug\spl\src\stm32f10x_usart.o
                0x08004694                USART_ClearITPendingBit
 .text.DrvI2C_Init
                0x08004774       0xe0 obj\debug\src\drvi2c.o
                0x08004774                DrvI2C_Init
 .text.DrvI2C_WriteBuffer
                0x08004854       0x74 obj\debug\src\drvi2c.o
                0x08004854                DrvI2C_WriteBuffer
 .text.DMA1_Channel6_IRQHandler
                0x080048c8       0x38 obj\debug\src\drvi2c.o
                0x080048c8                DMA1_Channel6_IRQHandler
 .text.DMA1_Channel4_IRQHandler
                0x08004900       0x38 obj\debug\src\drvi2c.o
                0x08004900                DMA1_Channel4_IRQHandler
 .text.DrvRTC_Init
                0x08004938       0x1c obj\debug\src\drvrtc.o
                0x08004938                DrvRTC_Init
 .text.DrvRTC_Task
                0x08004954       0x74 obj\debug\src\drvrtc.o
                0x08004954                DrvRTC_Task
 .text.DrvRTC_SetUTC
                0x080049c8       0x20 obj\debug\src\drvrtc.o
                0x080049c8                DrvRTC_SetUTC
 .text.DrvRTC_GetTimeStr
                0x080049e8       0xe0 obj\debug\src\drvrtc.o
                0x080049e8                DrvRTC_GetTimeStr
 .text.Init_RCC
                0x08004ac8       0x14 obj\debug\src\drvrtc.o
 .text.Init_NVIC
                0x08004adc       0x28 obj\debug\src\drvrtc.o
 .text.Init_RTC
                0x08004b04       0x54 obj\debug\src\drvrtc.o
 .text.GetDateTime
                0x08004b58      0x17c obj\debug\src\drvrtc.o
 .text.RTC_IRQHandler
                0x08004cd4       0x5c obj\debug\src\drvrtc.o
                0x08004cd4                RTC_IRQHandler
 .text.DrvDisplay_Init
                0x08004d30       0x2c obj\debug\src\drvssd1306.o
                0x08004d30                DrvDisplay_Init
 .text.DrvDisplay_Task
                0x08004d5c       0x8c obj\debug\src\drvssd1306.o
                0x08004d5c                DrvDisplay_Task
 .text.DrvDisplay_GetDrawSurface
                0x08004de8       0x74 obj\debug\src\drvssd1306.o
                0x08004de8                DrvDisplay_GetDrawSurface
 .text.DrvDisplay_ReleaseDrawSurface
                0x08004e5c       0x50 obj\debug\src\drvssd1306.o
                0x08004e5c                DrvDisplay_ReleaseDrawSurface
 .text.SSD1306_Init
                0x08004eac       0xb8 obj\debug\src\drvssd1306.o
 .text.SSD1306_SendCommand
                0x08004f64       0x78 obj\debug\src\drvssd1306.o
 .text.SSD1306_DrawBuffer
                0x08004fdc       0x8c obj\debug\src\drvssd1306.o
 .text.SSD1306_Clear
                0x08005068       0x20 obj\debug\src\drvssd1306.o
 .text.SSD1306_Refresh
                0x08005088       0x48 obj\debug\src\drvssd1306.o
 .text.DrvDisplay_DrawString
                0x080050d0       0xf4 obj\debug\src\drvssd1306.o
                0x080050d0                DrvDisplay_DrawString
 .text.WaitFor  0x080051c4       0x48 obj\debug\src\drvssd1306.o
 .text.DrvUART_Init
                0x0800520c       0x70 obj\debug\src\drvuart.o
                0x0800520c                DrvUART_Init
 .text.DrvUART_Task
                0x0800527c       0x44 obj\debug\src\drvuart.o
                0x0800527c                DrvUART_Task
 .text.DrvUART_Send
                0x080052c0       0x30 obj\debug\src\drvuart.o
                0x080052c0                DrvUART_Send
 .text.Init_RCC
                0x080052f0       0x1c obj\debug\src\drvuart.o
 .text.Init_NVIC
                0x0800530c       0x28 obj\debug\src\drvuart.o
 .text.Init_USART
                0x08005334       0x38 obj\debug\src\drvuart.o
 .text.Init_GPIO
                0x0800536c       0x40 obj\debug\src\drvuart.o
 .text.Start_USART
                0x080053ac       0x38 obj\debug\src\drvuart.o
 .text.get_char
                0x080053e4       0x30 obj\debug\src\drvuart.o
 .text.put_char
                0x08005414       0x40 obj\debug\src\drvuart.o
 .text.USART1_IRQHandler
                0x08005454       0xa0 obj\debug\src\drvuart.o
                0x08005454                USART1_IRQHandler
 .text.GOL_Task
                0x080054f4       0x44 obj\debug\src\gameoflife.o
                0x080054f4                GOL_Task
 .text.seed     0x08005538       0x80 obj\debug\src\gameoflife.o
 .text.evolve   0x080055b8      0x2ac obj\debug\src\gameoflife.o
 .text.countNeighbours
                0x08005864       0x4c obj\debug\src\gameoflife.o
 .text.applyRules
                0x080058b0       0x50 obj\debug\src\gameoflife.o
 .text.draw     0x08005900       0x9c obj\debug\src\gameoflife.o
 .text.main     0x0800599c       0xfc obj\debug\src\main.o
                0x0800599c                main
 .text.vApplicationStackOverflowHook
                0x08005a98       0x20 obj\debug\src\main.o
                0x08005a98                vApplicationStackOverflowHook
 .text.vApplicationGetIdleTaskMemory
                0x08005ab8       0x30 obj\debug\src\main.o
                0x08005ab8                vApplicationGetIdleTaskMemory
 .text.vApplicationIdleHook
                0x08005ae8        0x8 obj\debug\src\main.o
                0x08005ae8                vApplicationIdleHook
 .text.vApplicationTickHook
                0x08005af0        0xc obj\debug\src\main.o
                0x08005af0                vApplicationTickHook
 .text.assert_failed
                0x08005afc       0x18 obj\debug\src\main.o
                0x08005afc                assert_failed
 .text.LIB_GetRandomNumber
                0x08005b14       0xbc obj\debug\src\random.o
                0x08005b14                LIB_GetRandomNumber
 .text.Init_ADC
                0x08005bd0       0x3c obj\debug\src\random.o
 .text          0x08005c0c       0xb8 obj\debug\src\startup_stm32f10x_md.o
                0x08005c0c                Reset_Handler
                0x08005c52                NMI_Handler
                0x08005c54                HardFault_Handler
                0x08005c56                MemManage_Handler
                0x08005c58                BusFault_Handler
                0x08005c5a                UsageFault_Handler
                0x08005c5c                SVC_Handler
                0x08005c5e                DebugMon_Handler
                0x08005c60                PendSV_Handler
                0x08005c62                SysTick_Handler
                0x08005c64                Default_Handler
                0x08005c66                WWDG_IRQHandler
                0x08005c68                PVD_IRQHandler
                0x08005c6a                TAMPER_IRQHandler
                0x08005c6e                FLASH_IRQHandler
                0x08005c70                RCC_IRQHandler
                0x08005c72                EXTI0_IRQHandler
                0x08005c74                EXTI1_IRQHandler
                0x08005c76                EXTI2_IRQHandler
                0x08005c78                EXTI3_IRQHandler
                0x08005c7a                EXTI4_IRQHandler
                0x08005c7c                DMA1_Channel1_IRQHandler
                0x08005c7e                DMA1_Channel2_IRQHandler
                0x08005c80                DMA1_Channel3_IRQHandler
                0x08005c84                DMA1_Channel5_IRQHandler
                0x08005c88                DMA1_Channel7_IRQHandler
                0x08005c8a                ADC1_2_IRQHandler
                0x08005c8c                USB_HP_CAN1_TX_IRQHandler
                0x08005c8e                USB_LP_CAN1_RX0_IRQHandler
                0x08005c90                CAN1_RX1_IRQHandler
                0x08005c92                CAN1_SCE_IRQHandler
                0x08005c94                EXTI9_5_IRQHandler
                0x08005c96                TIM1_BRK_IRQHandler
                0x08005c98                TIM1_UP_IRQHandler
                0x08005c9a                TIM1_TRG_COM_IRQHandler
                0x08005c9c                TIM1_CC_IRQHandler
                0x08005c9e                TIM2_IRQHandler
                0x08005ca0                TIM3_IRQHandler
                0x08005ca2                TIM4_IRQHandler
                0x08005ca4                I2C1_EV_IRQHandler
                0x08005ca6                I2C1_ER_IRQHandler
                0x08005ca8                I2C2_EV_IRQHandler
                0x08005caa                I2C2_ER_IRQHandler
                0x08005cac                SPI1_IRQHandler
                0x08005cae                SPI2_IRQHandler
                0x08005cb2                USART2_IRQHandler
                0x08005cb4                USART3_IRQHandler
                0x08005cb6                EXTI15_10_IRQHandler
                0x08005cb8                RTCAlarm_IRQHandler
                0x08005cba                USBWakeUp_IRQHandler
 .text.SystemInit
                0x08005cc4       0x68 obj\debug\src\system_stm32f10x.o
                0x08005cc4                SystemInit
 .text.SetSysClock
                0x08005d2c        0xc obj\debug\src\system_stm32f10x.o
 .text.SetSysClockTo72
                0x08005d38      0x100 obj\debug\src\system_stm32f10x.o
 .text.exit     0x08005e38       0x28 c:/program files (x86)/embitz/1.11/share/em_armgcc/bin/../lib/gcc/arm-none-eabi/5.4.1/../../../../arm-none-eabi/lib/armv7-m\libg_n.a(lib_a-exit.o)
                0x08005e38                exit
 .text.__libc_init_array
                0x08005e60       0x4c c:/program files (x86)/embitz/1.11/share/em_armgcc/bin/../lib/gcc/arm-none-eabi/5.4.1/../../../../arm-none-eabi/lib/armv7-m\libg_n.a(lib_a-init.o)
                0x08005e60                __libc_init_array
 .text.memcpy   0x08005eac       0x16 c:/program files (x86)/embitz/1.11/share/em_armgcc/bin/../lib/gcc/arm-none-eabi/5.4.1/../../../../arm-none-eabi/lib/armv7-m\libg_n.a(lib_a-memcpy-stub.o)
                0x08005eac                memcpy
 .text.memset   0x08005ec2       0x10 c:/program files (x86)/embitz/1.11/share/em_armgcc/bin/../lib/gcc/arm-none-eabi/5.4.1/../../../../arm-none-eabi/lib/armv7-m\libg_n.a(lib_a-memset.o)
                0x08005ec2                memset
 .text._exit    0x08005ed2        0x2 c:/program files (x86)/embitz/1.11/share/em_armgcc/bin/../lib/gcc/arm-none-eabi/5.4.1/../../../../arm-none-eabi/lib/armv7-m\libnosys_s.a(_exit.o)
                0x08005ed2                _exit
 *(.init)
 .init          0x08005ed4        0x4 c:/program files (x86)/embitz/1.11/share/em_armgcc/bin/../lib/gcc/arm-none-eabi/5.4.1/armv7-m/crti.o
                0x08005ed4                _init
 .init          0x08005ed8        0x8 c:/program files (x86)/embitz/1.11/share/em_armgcc/bin/../lib/gcc/arm-none-eabi/5.4.1/armv7-m/crtn.o
 *(.fini)
 .fini          0x08005ee0        0x4 c:/program files (x86)/embitz/1.11/share/em_armgcc/bin/../lib/gcc/arm-none-eabi/5.4.1/armv7-m/crti.o
                0x08005ee0                _fini
 .fini          0x08005ee4        0x8 c:/program files (x86)/embitz/1.11/share/em_armgcc/bin/../lib/gcc/arm-none-eabi/5.4.1/armv7-m/crtn.o
 *crtbegin.o(.ctors)
 *crtbegin?.o(.ctors)
 *(EXCLUDE_FILE(*crtend.o *crtend?.o) .ctors)
 *(SORT(.ctors.*))
 *(.ctors)
 *crtbegin.o(.dtors)
 *crtbegin?.o(.dtors)
 *(EXCLUDE_FILE(*crtend.o *crtend?.o) .dtors)
 *(SORT(.dtors.*))
 *(.dtors)
 *(.rodata*)
 .rodata        0x08005eec       0x10 obj\debug\freertos\port.o
 .rodata        0x08005efc       0x11 obj\debug\freertos\queue.o
 *fill*         0x08005f0d        0x3 
 .rodata        0x08005f10       0x19 obj\debug\freertos\tasks.o
 *fill*         0x08005f29        0x3 
 .rodata        0x08005f2c        0xf obj\debug\spl\src\misc.o
 *fill*         0x08005f3b        0x1 
 .rodata        0x08005f3c       0x18 obj\debug\spl\src\stm32f10x_adc.o
 .rodata        0x08005f54       0x18 obj\debug\spl\src\stm32f10x_dma.o
 .rodata        0x08005f6c       0x19 obj\debug\spl\src\stm32f10x_gpio.o
 *fill*         0x08005f85        0x3 
 .rodata        0x08005f88       0x18 obj\debug\spl\src\stm32f10x_i2c.o
 .rodata        0x08005fa0       0x18 obj\debug\spl\src\stm32f10x_pwr.o
 .rodata        0x08005fb8       0x18 obj\debug\spl\src\stm32f10x_rcc.o
 .rodata        0x08005fd0       0x18 obj\debug\spl\src\stm32f10x_rtc.o
 .rodata        0x08005fe8       0x1a obj\debug\spl\src\stm32f10x_usart.o
 *fill*         0x08006002        0x2 
 .rodata.NOD    0x08006004        0xc obj\debug\src\drvrtc.o
 .rodata.COMMAND_BYTE.7606
                0x08006010        0x1 obj\debug\src\drvssd1306.o
 .rodata.DATA_BYTE.7610
                0x08006011        0x1 obj\debug\src\drvssd1306.o
 *fill*         0x08006012        0x2 
 .rodata.GREETING
                0x08006014       0x22 obj\debug\src\drvuart.o
 *fill*         0x08006036        0x2 
 .rodata.xFrequency.7158
                0x08006038        0x4 obj\debug\src\drvuart.o
 .rodata.pCharset10x14
                0x0800603c      0x780 obj\debug\src\font.o
                0x0800603c                pCharset10x14
 .rodata.pCharset10x8
                0x080067bc      0x3c0 obj\debug\src\font.o
                0x080067bc                pCharset10x8
 .rodata.pCharset8x8
                0x08006b7c      0x300 obj\debug\src\font.o
                0x08006b7c                pCharset8x8
 .rodata.pCharset6x8
                0x08006e7c      0x240 obj\debug\src\font.o
                0x08006e7c                pCharset6x8
 .rodata        0x080070bc       0x41 obj\debug\src\main.o
 .rodata.str1.1
                0x080070fd        0x2 c:/program files (x86)/embitz/1.11/share/em_armgcc/bin/../lib/gcc/arm-none-eabi/5.4.1/../../../../arm-none-eabi/lib/armv7-m\libg_n.a(lib_a-impure.o)
 *fill*         0x080070ff        0x1 
 .rodata._global_impure_ptr
                0x08007100        0x4 c:/program files (x86)/embitz/1.11/share/em_armgcc/bin/../lib/gcc/arm-none-eabi/5.4.1/../../../../arm-none-eabi/lib/armv7-m\libg_n.a(lib_a-impure.o)
                0x08007100                _global_impure_ptr
 *(.eh_frame*)
 .eh_frame      0x08007104        0x0 c:/program files (x86)/embitz/1.11/share/em_armgcc/bin/../lib/gcc/arm-none-eabi/5.4.1/armv7-m/crtbegin.o
 .eh_frame      0x08007104        0x4 c:/program files (x86)/embitz/1.11/share/em_armgcc/bin/../lib/gcc/arm-none-eabi/5.4.1/armv7-m/crtend.o

.glue_7         0x08007108        0x0
 .glue_7        0x08007108        0x0 linker stubs

.glue_7t        0x08007108        0x0
 .glue_7t       0x08007108        0x0 linker stubs

.vfp11_veneer   0x08007108        0x0
 .vfp11_veneer  0x08007108        0x0 linker stubs

.v4_bx          0x08007108        0x0
 .v4_bx         0x08007108        0x0 linker stubs

.iplt           0x08007108        0x0
 .iplt          0x08007108        0x0 c:/program files (x86)/embitz/1.11/share/em_armgcc/bin/../lib/gcc/arm-none-eabi/5.4.1/armv7-m/crtbegin.o

.ARM.extab
 *(.ARM.extab* .gnu.linkonce.armextab.*)
                0x08007108                __exidx_start = .

.ARM.exidx      0x08007108        0x8
 *(.ARM.exidx* .gnu.linkonce.armexidx.*)
 .ARM.exidx     0x08007108        0x8 c:/program files (x86)/embitz/1.11/share/em_armgcc/bin/../lib/gcc/arm-none-eabi/5.4.1/../../../../arm-none-eabi/lib/armv7-m/crt0.o
                0x08007110                __exidx_end = .
                0x08007110                __etext = .

.rel.dyn        0x08007110        0x0
 .rel.iplt      0x08007110        0x0 c:/program files (x86)/embitz/1.11/share/em_armgcc/bin/../lib/gcc/arm-none-eabi/5.4.1/armv7-m/crtbegin.o

.data           0x20000000       0xa0 load address 0x08007110
                0x20000000                __data_start__ = .
 *(vtable)
 *(.data*)
 .data.uxCriticalNesting
                0x20000000        0x4 obj\debug\freertos\port.o
 .data.APBAHBPrescTable
                0x20000004       0x10 obj\debug\spl\src\stm32f10x_rcc.o
 .data.ADCPrescTable
                0x20000014        0x4 obj\debug\spl\src\stm32f10x_rcc.o
 .data.font_param
                0x20000018       0x20 obj\debug\src\font.o
                0x20000018                font_param
 .data.impure_data
                0x20000038       0x60 c:/program files (x86)/embitz/1.11/share/em_armgcc/bin/../lib/gcc/arm-none-eabi/5.4.1/../../../../arm-none-eabi/lib/armv7-m\libg_n.a(lib_a-impure.o)
                0x20000098                . = ALIGN (0x4)
                0x20000098                PROVIDE (__preinit_array_start, .)
 *(.preinit_array)
                0x20000098                PROVIDE (__preinit_array_end, .)
                0x20000098                . = ALIGN (0x4)
                0x20000098                PROVIDE (__init_array_start, .)
 *(SORT(.init_array.*))
 *(.init_array)
 .init_array    0x20000098        0x4 c:/program files (x86)/embitz/1.11/share/em_armgcc/bin/../lib/gcc/arm-none-eabi/5.4.1/armv7-m/crtbegin.o
                0x2000009c                PROVIDE (__init_array_end, .)
                0x2000009c                . = ALIGN (0x4)
                [!provide]                PROVIDE (__fini_array_start, .)
 *(SORT(.fini_array.*))
 *(.fini_array)
 .fini_array    0x2000009c        0x4 c:/program files (x86)/embitz/1.11/share/em_armgcc/bin/../lib/gcc/arm-none-eabi/5.4.1/armv7-m/crtbegin.o
                [!provide]                PROVIDE (__fini_array_end, .)
                0x200000a0                . = ALIGN (0x4)
                0x200000a0                __data_end__ = .

.jcr            0x200000a0        0x0 load address 0x080071b0
 .jcr           0x200000a0        0x0 c:/program files (x86)/embitz/1.11/share/em_armgcc/bin/../lib/gcc/arm-none-eabi/5.4.1/armv7-m/crtbegin.o

.igot.plt       0x200000a0        0x0 load address 0x080071b0
 .igot.plt      0x200000a0        0x0 c:/program files (x86)/embitz/1.11/share/em_armgcc/bin/../lib/gcc/arm-none-eabi/5.4.1/armv7-m/crtbegin.o

.bss            0x200000a0     0x152c load address 0x080071b0
                0x200000a0                __bss_start__ = .
 *(.bss*)
 .bss           0x200000a0       0x1c c:/program files (x86)/embitz/1.11/share/em_armgcc/bin/../lib/gcc/arm-none-eabi/5.4.1/armv7-m/crtbegin.o
 .bss.ucMaxSysCallPriority
                0x200000bc        0x1 obj\debug\freertos\port.o
 *fill*         0x200000bd        0x3 
 .bss.ulMaxPRIGROUPValue
                0x200000c0        0x4 obj\debug\freertos\port.o
 .bss.pxCurrentTCB
                0x200000c4        0x4 obj\debug\freertos\tasks.o
                0x200000c4                pxCurrentTCB
 .bss.pxReadyTasksLists
                0x200000c8       0x64 obj\debug\freertos\tasks.o
 .bss.xDelayedTaskList1
                0x2000012c       0x14 obj\debug\freertos\tasks.o
 .bss.xDelayedTaskList2
                0x20000140       0x14 obj\debug\freertos\tasks.o
 .bss.pxDelayedTaskList
                0x20000154        0x4 obj\debug\freertos\tasks.o
 .bss.pxOverflowDelayedTaskList
                0x20000158        0x4 obj\debug\freertos\tasks.o
 .bss.xPendingReadyList
                0x2000015c       0x14 obj\debug\freertos\tasks.o
 .bss.xTasksWaitingTermination
                0x20000170       0x14 obj\debug\freertos\tasks.o
 .bss.uxDeletedTasksWaitingCleanUp
                0x20000184        0x4 obj\debug\freertos\tasks.o
 .bss.xSuspendedTaskList
                0x20000188       0x14 obj\debug\freertos\tasks.o
 .bss.uxCurrentNumberOfTasks
                0x2000019c        0x4 obj\debug\freertos\tasks.o
 .bss.xTickCount
                0x200001a0        0x4 obj\debug\freertos\tasks.o
 .bss.uxTopReadyPriority
                0x200001a4        0x4 obj\debug\freertos\tasks.o
 .bss.xSchedulerRunning
                0x200001a8        0x4 obj\debug\freertos\tasks.o
 .bss.uxPendedTicks
                0x200001ac        0x4 obj\debug\freertos\tasks.o
 .bss.xYieldPending
                0x200001b0        0x4 obj\debug\freertos\tasks.o
 .bss.xNumOfOverflows
                0x200001b4        0x4 obj\debug\freertos\tasks.o
 .bss.uxTaskNumber
                0x200001b8        0x4 obj\debug\freertos\tasks.o
 .bss.xNextTaskUnblockTime
                0x200001bc        0x4 obj\debug\freertos\tasks.o
 .bss.xIdleTaskHandle
                0x200001c0        0x4 obj\debug\freertos\tasks.o
 .bss.uxSchedulerSuspended
                0x200001c4        0x4 obj\debug\freertos\tasks.o
 .bss.xRtcToNotify
                0x200001c8        0x4 obj\debug\src\drvrtc.o
                0x200001c8                xRtcToNotify
 .bss.CurrentDateTime
                0x200001cc        0x8 obj\debug\src\drvrtc.o
 .bss.xDrawToNotify
                0x200001d4        0x4 obj\debug\src\drvssd1306.o
                0x200001d4                xDrawToNotify
 .bss.xDrawMutex
                0x200001d8        0x4 obj\debug\src\drvssd1306.o
 .bss.xDrawMutexBuffer
                0x200001dc       0x48 obj\debug\src\drvssd1306.o
 .bss.displayBuff
                0x20000224      0x800 obj\debug\src\drvssd1306.o
 .bss.showBuffIdx
                0x20000a24        0x1 obj\debug\src\drvssd1306.o
 *fill*         0x20000a25        0x3 
 .bss.RxQueue   0x20000a28        0x4 obj\debug\src\drvuart.o
 .bss.rxQueueStorage
                0x20000a2c       0x20 obj\debug\src\drvuart.o
 .bss.RxQueueBuffer
                0x20000a4c       0x48 obj\debug\src\drvuart.o
 .bss.TxQueue   0x20000a94        0x4 obj\debug\src\drvuart.o
 .bss.txQueueStorage
                0x20000a98       0x40 obj\debug\src\drvuart.o
 .bss.TxQueueBuffer
                0x20000ad8       0x48 obj\debug\src\drvuart.o
 .bss.xIdleTaskTCBBuffer.7123
                0x20000b20       0x54 obj\debug\src\main.o
 .bss.xIdleStack.7122
                0x20000b74        0x8 obj\debug\src\main.o
 *(COMMON)
 COMMON         0x20000b7c      0x154 obj\debug\src\drvrtc.o
                0x20000b7c                xRtcTaskTCBBuffer
                0x20000bd0                xRtcStack
 COMMON         0x20000cd0      0x254 obj\debug\src\drvssd1306.o
                0x20000cd0                xDisplayStack
                0x20000ed0                xDisplayTaskTCBBuffer
 COMMON         0x20000f24      0x454 obj\debug\src\drvuart.o
                0x20000f24                xUartTaskTCBBuffer
                0x20000f78                xUartStack
 COMMON         0x20001378      0x254 obj\debug\src\gameoflife.o
                0x20001378                xGOLTaskTCBBuffer
                0x200013cc                xGOLStack
                0x200015cc                __bss_end__ = .

.heap           0x200015d0        0x0
                0x200015d0                __end__ = .
                0x200015d0                end = __end__
 *(.heap*)
 .heap          0x200015d0        0x0 obj\debug\src\startup_stm32f10x_md.o
                0x200015d0                __HeapLimit = .

.stack_dummy    0x200015d0      0x100
 *(.stack)
 .stack         0x200015d0      0x100 obj\debug\src\startup_stm32f10x_md.o
                0x20002800                __StackTop = (ORIGIN (RAM) + LENGTH (RAM))
                0x20002700                __StackLimit = (__StackTop - SIZEOF (.stack_dummy))
                0x20002800                PROVIDE (__stack, __StackTop)
                0x00000001                ASSERT ((__StackLimit >= __HeapLimit), region RAM overflowed with stack)
LOAD obj\debug\freertos\croutine.o
LOAD obj\debug\freertos\event_groups.o
LOAD obj\debug\freertos\list.o
LOAD obj\debug\freertos\port.o
LOAD obj\debug\freertos\queue.o
LOAD obj\debug\freertos\tasks.o
LOAD obj\debug\freertos\timers.o
LOAD obj\debug\spl\src\misc.o
LOAD obj\debug\spl\src\stm32f10x_adc.o
LOAD obj\debug\spl\src\stm32f10x_bkp.o
LOAD obj\debug\spl\src\stm32f10x_can.o
LOAD obj\debug\spl\src\stm32f10x_cec.o
LOAD obj\debug\spl\src\stm32f10x_crc.o
LOAD obj\debug\spl\src\stm32f10x_dac.o
LOAD obj\debug\spl\src\stm32f10x_dbgmcu.o
LOAD obj\debug\spl\src\stm32f10x_dma.o
LOAD obj\debug\spl\src\stm32f10x_exti.o
LOAD obj\debug\spl\src\stm32f10x_flash.o
LOAD obj\debug\spl\src\stm32f10x_fsmc.o
LOAD obj\debug\spl\src\stm32f10x_gpio.o
LOAD obj\debug\spl\src\stm32f10x_i2c.o
LOAD obj\debug\spl\src\stm32f10x_iwdg.o
LOAD obj\debug\spl\src\stm32f10x_pwr.o
LOAD obj\debug\spl\src\stm32f10x_rcc.o
LOAD obj\debug\spl\src\stm32f10x_rtc.o
LOAD obj\debug\spl\src\stm32f10x_sdio.o
LOAD obj\debug\spl\src\stm32f10x_spi.o
LOAD obj\debug\spl\src\stm32f10x_tim.o
LOAD obj\debug\spl\src\stm32f10x_usart.o
LOAD obj\debug\spl\src\stm32f10x_wwdg.o
LOAD obj\debug\src\drvi2c.o
LOAD obj\debug\src\drvrtc.o
LOAD obj\debug\src\drvssd1306.o
LOAD obj\debug\src\drvuart.o
LOAD obj\debug\src\font.o
LOAD obj\debug\src\gameoflife.o
LOAD obj\debug\src\main.o
LOAD obj\debug\src\random.o
LOAD obj\debug\src\startup_stm32f10x_md.o
LOAD obj\debug\src\system_stm32f10x.o
START GROUP
LOAD c:/program files (x86)/embitz/1.11/share/em_armgcc/bin/../lib/gcc/arm-none-eabi/5.4.1/armv7-m\libgcc.a
LOAD c:/program files (x86)/embitz/1.11/share/em_armgcc/bin/../lib/gcc/arm-none-eabi/5.4.1/../../../../arm-none-eabi/lib/armv7-m\libg_n.a
LOAD c:/program files (x86)/embitz/1.11/share/em_armgcc/bin/../lib/gcc/arm-none-eabi/5.4.1/../../../../arm-none-eabi/lib/armv7-m\libc_n.a
END GROUP
START GROUP
LOAD c:/program files (x86)/embitz/1.11/share/em_armgcc/bin/../lib/gcc/arm-none-eabi/5.4.1/armv7-m\libgcc.a
LOAD c:/program files (x86)/embitz/1.11/share/em_armgcc/bin/../lib/gcc/arm-none-eabi/5.4.1/../../../../arm-none-eabi/lib/armv7-m\libc_n.a
LOAD c:/program files (x86)/embitz/1.11/share/em_armgcc/bin/../lib/gcc/arm-none-eabi/5.4.1/../../../../arm-none-eabi/lib/armv7-m\libnosys_s.a
END GROUP
LOAD c:/program files (x86)/embitz/1.11/share/em_armgcc/bin/../lib/gcc/arm-none-eabi/5.4.1/armv7-m/crtend.o
LOAD c:/program files (x86)/embitz/1.11/share/em_armgcc/bin/../lib/gcc/arm-none-eabi/5.4.1/armv7-m/crtn.o
OUTPUT(bin\Debug\I2C_DISPLAY.elf elf32-littlearm)

.ARM.attributes
                0x00000000       0x29
 .ARM.attributes
                0x00000000       0x1d c:/program files (x86)/embitz/1.11/share/em_armgcc/bin/../lib/gcc/arm-none-eabi/5.4.1/armv7-m/crti.o
 .ARM.attributes
                0x0000001d       0x2d c:/program files (x86)/embitz/1.11/share/em_armgcc/bin/../lib/gcc/arm-none-eabi/5.4.1/armv7-m/crtbegin.o
 .ARM.attributes
                0x0000004a       0x1b c:/program files (x86)/embitz/1.11/share/em_armgcc/bin/../lib/gcc/arm-none-eabi/5.4.1/../../../../arm-none-eabi/lib/armv7-m/crt0.o
 .ARM.attributes
                0x00000065       0x33 obj\debug\freertos\list.o
 .ARM.attributes
                0x00000098       0x33 obj\debug\freertos\port.o
 .ARM.attributes
                0x000000cb       0x33 obj\debug\freertos\queue.o
 .ARM.attributes
                0x000000fe       0x33 obj\debug\freertos\tasks.o
 .ARM.attributes
                0x00000131       0x33 obj\debug\spl\src\misc.o
 .ARM.attributes
                0x00000164       0x33 obj\debug\spl\src\stm32f10x_adc.o
 .ARM.attributes
                0x00000197       0x33 obj\debug\spl\src\stm32f10x_bkp.o
 .ARM.attributes
                0x000001ca       0x33 obj\debug\spl\src\stm32f10x_crc.o
 .ARM.attributes
                0x000001fd       0x33 obj\debug\spl\src\stm32f10x_dma.o
 .ARM.attributes
                0x00000230       0x33 obj\debug\spl\src\stm32f10x_gpio.o
 .ARM.attributes
                0x00000263       0x33 obj\debug\spl\src\stm32f10x_i2c.o
 .ARM.attributes
                0x00000296       0x33 obj\debug\spl\src\stm32f10x_pwr.o
 .ARM.attributes
                0x000002c9       0x33 obj\debug\spl\src\stm32f10x_rcc.o
 .ARM.attributes
                0x000002fc       0x33 obj\debug\spl\src\stm32f10x_rtc.o
 .ARM.attributes
                0x0000032f       0x33 obj\debug\spl\src\stm32f10x_usart.o
 .ARM.attributes
                0x00000362       0x33 obj\debug\src\drvi2c.o
 .ARM.attributes
                0x00000395       0x33 obj\debug\src\drvrtc.o
 .ARM.attributes
                0x000003c8       0x33 obj\debug\src\drvssd1306.o
 .ARM.attributes
                0x000003fb       0x33 obj\debug\src\drvuart.o
 .ARM.attributes
                0x0000042e       0x33 obj\debug\src\font.o
 .ARM.attributes
                0x00000461       0x33 obj\debug\src\gameoflife.o
 .ARM.attributes
                0x00000494       0x33 obj\debug\src\main.o
 .ARM.attributes
                0x000004c7       0x33 obj\debug\src\random.o
 .ARM.attributes
                0x000004fa       0x1b obj\debug\src\startup_stm32f10x_md.o
 .ARM.attributes
                0x00000515       0x33 obj\debug\src\system_stm32f10x.o
 .ARM.attributes
                0x00000548       0x2d c:/program files (x86)/embitz/1.11/share/em_armgcc/bin/../lib/gcc/arm-none-eabi/5.4.1/../../../../arm-none-eabi/lib/armv7-m\libg_n.a(lib_a-exit.o)
 .ARM.attributes
                0x00000575       0x2d c:/program files (x86)/embitz/1.11/share/em_armgcc/bin/../lib/gcc/arm-none-eabi/5.4.1/../../../../arm-none-eabi/lib/armv7-m\libg_n.a(lib_a-impure.o)
 .ARM.attributes
                0x000005a2       0x2d c:/program files (x86)/embitz/1.11/share/em_armgcc/bin/../lib/gcc/arm-none-eabi/5.4.1/../../../../arm-none-eabi/lib/armv7-m\libg_n.a(lib_a-init.o)
 .ARM.attributes
                0x000005cf       0x2d c:/program files (x86)/embitz/1.11/share/em_armgcc/bin/../lib/gcc/arm-none-eabi/5.4.1/../../../../arm-none-eabi/lib/armv7-m\libg_n.a(lib_a-memcpy-stub.o)
 .ARM.attributes
                0x000005fc       0x2d c:/program files (x86)/embitz/1.11/share/em_armgcc/bin/../lib/gcc/arm-none-eabi/5.4.1/../../../../arm-none-eabi/lib/armv7-m\libg_n.a(lib_a-memset.o)
 .ARM.attributes
                0x00000629       0x2d c:/program files (x86)/embitz/1.11/share/em_armgcc/bin/../lib/gcc/arm-none-eabi/5.4.1/../../../../arm-none-eabi/lib/armv7-m\libnosys_s.a(_exit.o)
 .ARM.attributes
                0x00000656       0x2d c:/program files (x86)/embitz/1.11/share/em_armgcc/bin/../lib/gcc/arm-none-eabi/5.4.1/armv7-m/crtend.o
 .ARM.attributes
                0x00000683       0x1d c:/program files (x86)/embitz/1.11/share/em_armgcc/bin/../lib/gcc/arm-none-eabi/5.4.1/armv7-m/crtn.o

.comment        0x00000000       0x6e
 .comment       0x00000000       0x6e obj\debug\freertos\list.o
                                 0x6f (size before relaxing)
 .comment       0x0000006e       0x6f obj\debug\freertos\port.o
 .comment       0x0000006e       0x6f obj\debug\freertos\queue.o
 .comment       0x0000006e       0x6f obj\debug\freertos\tasks.o
 .comment       0x0000006e       0x6f obj\debug\spl\src\misc.o
 .comment       0x0000006e       0x6f obj\debug\spl\src\stm32f10x_adc.o
 .comment       0x0000006e       0x6f obj\debug\spl\src\stm32f10x_bkp.o
 .comment       0x0000006e       0x6f obj\debug\spl\src\stm32f10x_crc.o
 .comment       0x0000006e       0x6f obj\debug\spl\src\stm32f10x_dma.o
 .comment       0x0000006e       0x6f obj\debug\spl\src\stm32f10x_gpio.o
 .comment       0x0000006e       0x6f obj\debug\spl\src\stm32f10x_i2c.o
 .comment       0x0000006e       0x6f obj\debug\spl\src\stm32f10x_pwr.o
 .comment       0x0000006e       0x6f obj\debug\spl\src\stm32f10x_rcc.o
 .comment       0x0000006e       0x6f obj\debug\spl\src\stm32f10x_rtc.o
 .comment       0x0000006e       0x6f obj\debug\spl\src\stm32f10x_usart.o
 .comment       0x0000006e       0x6f obj\debug\src\drvi2c.o
 .comment       0x0000006e       0x6f obj\debug\src\drvrtc.o
 .comment       0x0000006e       0x6f obj\debug\src\drvssd1306.o
 .comment       0x0000006e       0x6f obj\debug\src\drvuart.o
 .comment       0x0000006e       0x6f obj\debug\src\font.o
 .comment       0x0000006e       0x6f obj\debug\src\gameoflife.o
 .comment       0x0000006e       0x6f obj\debug\src\main.o
 .comment       0x0000006e       0x6f obj\debug\src\random.o
 .comment       0x0000006e       0x6f obj\debug\src\system_stm32f10x.o

.debug_info     0x00000000     0xab19
 .debug_info    0x00000000      0x2a8 obj\debug\freertos\list.o
 .debug_info    0x000002a8      0x3b9 obj\debug\freertos\port.o
 .debug_info    0x00000661      0xef5 obj\debug\freertos\queue.o
 .debug_info    0x00001556     0x15d1 obj\debug\freertos\tasks.o
 .debug_info    0x00002b27      0x55e obj\debug\spl\src\misc.o
 .debug_info    0x00003085      0xb84 obj\debug\spl\src\stm32f10x_adc.o
 .debug_info    0x00003c09      0x7ad obj\debug\spl\src\stm32f10x_bkp.o
 .debug_info    0x000043b6      0x210 obj\debug\spl\src\stm32f10x_crc.o
 .debug_info    0x000045c6      0x483 obj\debug\spl\src\stm32f10x_dma.o
 .debug_info    0x00004a49      0x70a obj\debug\spl\src\stm32f10x_gpio.o
 .debug_info    0x00005153      0xb14 obj\debug\spl\src\stm32f10x_i2c.o
 .debug_info    0x00005c67      0x4a7 obj\debug\spl\src\stm32f10x_pwr.o
 .debug_info    0x0000610e      0x8ab obj\debug\spl\src\stm32f10x_rcc.o
 .debug_info    0x000069b9      0x444 obj\debug\spl\src\stm32f10x_rtc.o
 .debug_info    0x00006dfd      0x9f8 obj\debug\spl\src\stm32f10x_usart.o
 .debug_info    0x000077f5      0x66b obj\debug\src\drvi2c.o
 .debug_info    0x00007e60      0x753 obj\debug\src\drvrtc.o
 .debug_info    0x000085b3      0x8f3 obj\debug\src\drvssd1306.o
 .debug_info    0x00008ea6      0x9ea obj\debug\src\drvuart.o
 .debug_info    0x00009890      0x18c obj\debug\src\font.o
 .debug_info    0x00009a1c      0x54a obj\debug\src\gameoflife.o
 .debug_info    0x00009f66      0x3df obj\debug\src\main.o
 .debug_info    0x0000a345      0x2bd obj\debug\src\random.o
 .debug_info    0x0000a602       0x73 obj\debug\src\startup_stm32f10x_md.o
 .debug_info    0x0000a675      0x4a4 obj\debug\src\system_stm32f10x.o

.debug_abbrev   0x00000000     0x273a
 .debug_abbrev  0x00000000       0xc1 obj\debug\freertos\list.o
 .debug_abbrev  0x000000c1      0x1e3 obj\debug\freertos\port.o
 .debug_abbrev  0x000002a4      0x22e obj\debug\freertos\queue.o
 .debug_abbrev  0x000004d2      0x29a obj\debug\freertos\tasks.o
 .debug_abbrev  0x0000076c      0x14c obj\debug\spl\src\misc.o
 .debug_abbrev  0x000008b8      0x19f obj\debug\spl\src\stm32f10x_adc.o
 .debug_abbrev  0x00000a57      0x16a obj\debug\spl\src\stm32f10x_bkp.o
 .debug_abbrev  0x00000bc1      0x119 obj\debug\spl\src\stm32f10x_crc.o
 .debug_abbrev  0x00000cda      0x176 obj\debug\spl\src\stm32f10x_dma.o
 .debug_abbrev  0x00000e50      0x1d1 obj\debug\spl\src\stm32f10x_gpio.o
 .debug_abbrev  0x00001021      0x185 obj\debug\spl\src\stm32f10x_i2c.o
 .debug_abbrev  0x000011a6      0x1a0 obj\debug\spl\src\stm32f10x_pwr.o
 .debug_abbrev  0x00001346      0x1bf obj\debug\spl\src\stm32f10x_rcc.o
 .debug_abbrev  0x00001505      0x196 obj\debug\spl\src\stm32f10x_rtc.o
 .debug_abbrev  0x0000169b      0x183 obj\debug\spl\src\stm32f10x_usart.o
 .debug_abbrev  0x0000181e      0x1e2 obj\debug\src\drvi2c.o
 .debug_abbrev  0x00001a00      0x251 obj\debug\src\drvrtc.o
 .debug_abbrev  0x00001c51      0x27c obj\debug\src\drvssd1306.o
 .debug_abbrev  0x00001ecd      0x26a obj\debug\src\drvuart.o
 .debug_abbrev  0x00002137       0xa1 obj\debug\src\font.o
 .debug_abbrev  0x000021d8      0x196 obj\debug\src\gameoflife.o
 .debug_abbrev  0x0000236e      0x14c obj\debug\src\main.o
 .debug_abbrev  0x000024ba      0x119 obj\debug\src\random.o
 .debug_abbrev  0x000025d3       0x14 obj\debug\src\startup_stm32f10x_md.o
 .debug_abbrev  0x000025e7      0x153 obj\debug\src\system_stm32f10x.o

.debug_aranges  0x00000000      0xd60
 .debug_aranges
                0x00000000       0x40 obj\debug\freertos\list.o
 .debug_aranges
                0x00000040       0x78 obj\debug\freertos\port.o
 .debug_aranges
                0x000000b8       0xe0 obj\debug\freertos\queue.o
 .debug_aranges
                0x00000198      0x190 obj\debug\freertos\tasks.o
 .debug_aranges
                0x00000328       0x40 obj\debug\spl\src\misc.o
 .debug_aranges
                0x00000368      0x138 obj\debug\spl\src\stm32f10x_adc.o
 .debug_aranges
                0x000004a0       0x78 obj\debug\spl\src\stm32f10x_bkp.o
 .debug_aranges
                0x00000518       0x48 obj\debug\spl\src\stm32f10x_crc.o
 .debug_aranges
                0x00000560       0x70 obj\debug\spl\src\stm32f10x_dma.o
 .debug_aranges
                0x000005d0       0xa8 obj\debug\spl\src\stm32f10x_gpio.o
 .debug_aranges
                0x00000678      0x120 obj\debug\spl\src\stm32f10x_i2c.o
 .debug_aranges
                0x00000798       0x60 obj\debug\spl\src\stm32f10x_pwr.o
 .debug_aranges
                0x000007f8      0x118 obj\debug\spl\src\stm32f10x_rcc.o
 .debug_aranges
                0x00000910       0x88 obj\debug\spl\src\stm32f10x_rtc.o
 .debug_aranges
                0x00000998      0x100 obj\debug\spl\src\stm32f10x_usart.o
 .debug_aranges
                0x00000a98       0x48 obj\debug\src\drvi2c.o
 .debug_aranges
                0x00000ae0       0x78 obj\debug\src\drvrtc.o
 .debug_aranges
                0x00000b58       0x70 obj\debug\src\drvssd1306.o
 .debug_aranges
                0x00000bc8       0x70 obj\debug\src\drvuart.o
 .debug_aranges
                0x00000c38       0x18 obj\debug\src\font.o
 .debug_aranges
                0x00000c50       0x48 obj\debug\src\gameoflife.o
 .debug_aranges
                0x00000c98       0x48 obj\debug\src\main.o
 .debug_aranges
                0x00000ce0       0x28 obj\debug\src\random.o
 .debug_aranges
                0x00000d08       0x20 obj\debug\src\startup_stm32f10x_md.o
 .debug_aranges
                0x00000d28       0x38 obj\debug\src\system_stm32f10x.o

.debug_ranges   0x00000000      0xbd0
 .debug_ranges  0x00000000       0x30 obj\debug\freertos\list.o
 .debug_ranges  0x00000030       0x68 obj\debug\freertos\port.o
 .debug_ranges  0x00000098       0xd0 obj\debug\freertos\queue.o
 .debug_ranges  0x00000168      0x180 obj\debug\freertos\tasks.o
 .debug_ranges  0x000002e8       0x30 obj\debug\spl\src\misc.o
 .debug_ranges  0x00000318      0x128 obj\debug\spl\src\stm32f10x_adc.o
 .debug_ranges  0x00000440       0x68 obj\debug\spl\src\stm32f10x_bkp.o
 .debug_ranges  0x000004a8       0x38 obj\debug\spl\src\stm32f10x_crc.o
 .debug_ranges  0x000004e0       0x60 obj\debug\spl\src\stm32f10x_dma.o
 .debug_ranges  0x00000540       0x98 obj\debug\spl\src\stm32f10x_gpio.o
 .debug_ranges  0x000005d8      0x110 obj\debug\spl\src\stm32f10x_i2c.o
 .debug_ranges  0x000006e8       0x50 obj\debug\spl\src\stm32f10x_pwr.o
 .debug_ranges  0x00000738      0x108 obj\debug\spl\src\stm32f10x_rcc.o
 .debug_ranges  0x00000840       0x78 obj\debug\spl\src\stm32f10x_rtc.o
 .debug_ranges  0x000008b8       0xf0 obj\debug\spl\src\stm32f10x_usart.o
 .debug_ranges  0x000009a8       0x50 obj\debug\src\drvi2c.o
 .debug_ranges  0x000009f8       0x68 obj\debug\src\drvrtc.o
 .debug_ranges  0x00000a60       0x60 obj\debug\src\drvssd1306.o
 .debug_ranges  0x00000ac0       0x60 obj\debug\src\drvuart.o
 .debug_ranges  0x00000b20       0x38 obj\debug\src\gameoflife.o
 .debug_ranges  0x00000b58       0x38 obj\debug\src\main.o
 .debug_ranges  0x00000b90       0x18 obj\debug\src\random.o
 .debug_ranges  0x00000ba8       0x28 obj\debug\src\system_stm32f10x.o

.debug_macro    0x00000000     0xfb79
 .debug_macro   0x00000000      0x17c obj\debug\freertos\list.o
 .debug_macro   0x0000017c      0x176 obj\debug\freertos\port.o
 .debug_macro   0x000002f2      0x1ee obj\debug\freertos\queue.o
 .debug_macro   0x000004e0       0x16 obj\debug\freertos\queue.o
 .debug_macro   0x000004f6       0x35 obj\debug\freertos\queue.o
 .debug_macro   0x0000052b       0x94 obj\debug\freertos\queue.o
 .debug_macro   0x000005bf      0x251 obj\debug\freertos\tasks.o
 .debug_macro   0x00000810       0x10 obj\debug\freertos\tasks.o
 .debug_macro   0x00000820      0x19d obj\debug\spl\src\misc.o
 .debug_macro   0x000009bd       0x5d obj\debug\spl\src\misc.o
 .debug_macro   0x00000a1a       0x3a obj\debug\spl\src\misc.o
 .debug_macro   0x00000a54       0x18 obj\debug\spl\src\misc.o
 .debug_macro   0x00000a6c      0xa36 obj\debug\spl\src\misc.o
 .debug_macro   0x000014a2     0x7e6d obj\debug\spl\src\misc.o
 .debug_macro   0x0000930f      0x2df obj\debug\spl\src\misc.o
 .debug_macro   0x000095ee      0x144 obj\debug\spl\src\misc.o
 .debug_macro   0x00009732      0x3cf obj\debug\spl\src\misc.o
 .debug_macro   0x00009b01       0xc8 obj\debug\spl\src\misc.o
 .debug_macro   0x00009bc9      0x17a obj\debug\spl\src\misc.o
 .debug_macro   0x00009d43       0xac obj\debug\spl\src\misc.o
 .debug_macro   0x00009def      0x3ad obj\debug\spl\src\misc.o
 .debug_macro   0x0000a19c       0x9a obj\debug\spl\src\misc.o
 .debug_macro   0x0000a236      0x2cf obj\debug\spl\src\misc.o
 .debug_macro   0x0000a505      0x279 obj\debug\spl\src\misc.o
 .debug_macro   0x0000a77e      0x2ac obj\debug\spl\src\misc.o
 .debug_macro   0x0000aa2a      0x2b1 obj\debug\spl\src\misc.o
 .debug_macro   0x0000acdb       0x64 obj\debug\spl\src\misc.o
 .debug_macro   0x0000ad3f       0x82 obj\debug\spl\src\misc.o
 .debug_macro   0x0000adc1      0x3e2 obj\debug\spl\src\misc.o
 .debug_macro   0x0000b1a3       0x58 obj\debug\spl\src\misc.o
 .debug_macro   0x0000b1fb      0x341 obj\debug\spl\src\misc.o
 .debug_macro   0x0000b53c      0x2c4 obj\debug\spl\src\misc.o
 .debug_macro   0x0000b800      0x711 obj\debug\spl\src\misc.o
 .debug_macro   0x0000bf11      0x220 obj\debug\spl\src\misc.o
 .debug_macro   0x0000c131       0x34 obj\debug\spl\src\misc.o
 .debug_macro   0x0000c165       0x10 obj\debug\spl\src\misc.o
 .debug_macro   0x0000c175       0x35 obj\debug\spl\src\misc.o
 .debug_macro   0x0000c1aa       0x85 obj\debug\spl\src\misc.o
 .debug_macro   0x0000c22f      0x293 obj\debug\spl\src\stm32f10x_adc.o
 .debug_macro   0x0000c4c2      0x13e obj\debug\spl\src\stm32f10x_adc.o
 .debug_macro   0x0000c600       0x8b obj\debug\spl\src\stm32f10x_adc.o
 .debug_macro   0x0000c68b      0x1f1 obj\debug\spl\src\stm32f10x_bkp.o
 .debug_macro   0x0000c87c      0x191 obj\debug\spl\src\stm32f10x_crc.o
 .debug_macro   0x0000ca0d      0x1eb obj\debug\spl\src\stm32f10x_dma.o
 .debug_macro   0x0000cbf8      0x3a7 obj\debug\spl\src\stm32f10x_dma.o
 .debug_macro   0x0000cf9f      0x1e5 obj\debug\spl\src\stm32f10x_gpio.o
 .debug_macro   0x0000d184      0x2a6 obj\debug\spl\src\stm32f10x_gpio.o
 .debug_macro   0x0000d42a      0x269 obj\debug\spl\src\stm32f10x_i2c.o
 .debug_macro   0x0000d693      0x2ab obj\debug\spl\src\stm32f10x_i2c.o
 .debug_macro   0x0000d93e      0x1d9 obj\debug\spl\src\stm32f10x_pwr.o
 .debug_macro   0x0000db17       0x7c obj\debug\spl\src\stm32f10x_pwr.o
 .debug_macro   0x0000db93      0x2b3 obj\debug\spl\src\stm32f10x_rcc.o
 .debug_macro   0x0000de46      0x3dc obj\debug\spl\src\stm32f10x_rcc.o
 .debug_macro   0x0000e222      0x1a3 obj\debug\spl\src\stm32f10x_rtc.o
 .debug_macro   0x0000e3c5       0x52 obj\debug\spl\src\stm32f10x_rtc.o
 .debug_macro   0x0000e417      0x24b obj\debug\spl\src\stm32f10x_usart.o
 .debug_macro   0x0000e662      0x21a obj\debug\spl\src\stm32f10x_usart.o
 .debug_macro   0x0000e87c      0x217 obj\debug\src\drvi2c.o
 .debug_macro   0x0000ea93      0x22f obj\debug\src\drvrtc.o
 .debug_macro   0x0000ecc2       0x16 obj\debug\src\drvrtc.o
 .debug_macro   0x0000ecd8       0x28 obj\debug\src\drvrtc.o
 .debug_macro   0x0000ed00      0x31b obj\debug\src\drvssd1306.o
 .debug_macro   0x0000f01b       0x71 obj\debug\src\drvssd1306.o
 .debug_macro   0x0000f08c       0x10 obj\debug\src\drvssd1306.o
 .debug_macro   0x0000f09c       0x52 obj\debug\src\drvssd1306.o
 .debug_macro   0x0000f0ee       0x10 obj\debug\src\drvssd1306.o
 .debug_macro   0x0000f0fe      0x24d obj\debug\src\drvuart.o
 .debug_macro   0x0000f34b       0x16 obj\debug\src\drvuart.o
 .debug_macro   0x0000f361       0x73 obj\debug\src\font.o
 .debug_macro   0x0000f3d4      0x235 obj\debug\src\gameoflife.o
 .debug_macro   0x0000f609       0x16 obj\debug\src\gameoflife.o
 .debug_macro   0x0000f61f      0x229 obj\debug\src\main.o
 .debug_macro   0x0000f848      0x197 obj\debug\src\random.o
 .debug_macro   0x0000f9df      0x19a obj\debug\src\system_stm32f10x.o

.debug_line     0x00000000     0xad43
 .debug_line    0x00000000      0x38c obj\debug\freertos\list.o
 .debug_line    0x0000038c      0x3f3 obj\debug\freertos\port.o
 .debug_line    0x0000077f      0x8b3 obj\debug\freertos\queue.o
 .debug_line    0x00001032      0xc3e obj\debug\freertos\tasks.o
 .debug_line    0x00001c70      0x4fc obj\debug\spl\src\misc.o
 .debug_line    0x0000216c      0xda2 obj\debug\spl\src\stm32f10x_adc.o
 .debug_line    0x00002f0e      0x6f1 obj\debug\spl\src\stm32f10x_bkp.o
 .debug_line    0x000035ff      0x49a obj\debug\spl\src\stm32f10x_crc.o
 .debug_line    0x00003a99      0x9a0 obj\debug\spl\src\stm32f10x_dma.o
 .debug_line    0x00004439      0xaf8 obj\debug\spl\src\stm32f10x_gpio.o
 .debug_line    0x00004f31      0xb5e obj\debug\spl\src\stm32f10x_i2c.o
 .debug_line    0x00005a8f      0x570 obj\debug\spl\src\stm32f10x_pwr.o
 .debug_line    0x00005fff      0x9ab obj\debug\spl\src\stm32f10x_rcc.o
 .debug_line    0x000069aa      0x5b0 obj\debug\spl\src\stm32f10x_rtc.o
 .debug_line    0x00006f5a      0xc24 obj\debug\spl\src\stm32f10x_usart.o
 .debug_line    0x00007b7e      0x6ae obj\debug\src\drvi2c.o
 .debug_line    0x0000822c      0x6ac obj\debug\src\drvrtc.o
 .debug_line    0x000088d8      0x6d4 obj\debug\src\drvssd1306.o
 .debug_line    0x00008fac      0x5d1 obj\debug\src\drvuart.o
 .debug_line    0x0000957d      0x1e2 obj\debug\src\font.o
 .debug_line    0x0000975f      0x660 obj\debug\src\gameoflife.o
 .debug_line    0x00009dbf      0x598 obj\debug\src\main.o
 .debug_line    0x0000a357      0x47b obj\debug\src\random.o
 .debug_line    0x0000a7d2       0xa8 obj\debug\src\startup_stm32f10x_md.o
 .debug_line    0x0000a87a      0x4c9 obj\debug\src\system_stm32f10x.o

.debug_str      0x00000000    0x5ca65
 .debug_str     0x00000000     0x8a00 obj\debug\freertos\list.o
                               0x8c22 (size before relaxing)
 .debug_str     0x00008a00      0xd0f obj\debug\freertos\port.o
                               0x707b (size before relaxing)
 .debug_str     0x0000970f      0xff1 obj\debug\freertos\queue.o
                               0xa1cc (size before relaxing)
 .debug_str     0x0000a700     0x1a1e obj\debug\freertos\tasks.o
                               0xad60 (size before relaxing)
 .debug_str     0x0000c11e    0x4b36e obj\debug\spl\src\misc.o
                              0x4e731 (size before relaxing)
 .debug_str     0x0005748c      0xb67 obj\debug\spl\src\stm32f10x_adc.o
                              0x4f07f (size before relaxing)
 .debug_str     0x00057ff3      0x601 obj\debug\spl\src\stm32f10x_bkp.o
                              0x4eb5e (size before relaxing)
 .debug_str     0x000585f4       0x9f obj\debug\spl\src\stm32f10x_crc.o
                              0x4e584 (size before relaxing)
 .debug_str     0x00058693      0x6c6 obj\debug\spl\src\stm32f10x_dma.o
                              0x4ebd3 (size before relaxing)
 .debug_str     0x00058d59      0x594 obj\debug\spl\src\stm32f10x_gpio.o
                              0x4eaa3 (size before relaxing)
 .debug_str     0x000592ed      0x89c obj\debug\spl\src\stm32f10x_i2c.o
                              0x4ee45 (size before relaxing)
 .debug_str     0x00059b89      0x2aa obj\debug\spl\src\stm32f10x_pwr.o
                              0x4e81e (size before relaxing)
 .debug_str     0x00059e33      0xad2 obj\debug\spl\src\stm32f10x_rcc.o
                              0x4f089 (size before relaxing)
 .debug_str     0x0005a905      0x1b8 obj\debug\spl\src\stm32f10x_rtc.o
                              0x4e734 (size before relaxing)
 .debug_str     0x0005aabd      0x7d9 obj\debug\spl\src\stm32f10x_usart.o
                              0x4edb3 (size before relaxing)
 .debug_str     0x0005b296      0x16c obj\debug\src\drvi2c.o
                              0x51daf (size before relaxing)
 .debug_str     0x0005b402      0x5de obj\debug\src\drvrtc.o
                              0x52198 (size before relaxing)
 .debug_str     0x0005b9e0      0xa3b obj\debug\src\drvssd1306.o
                              0x5575d (size before relaxing)
 .debug_str     0x0005c41b      0x272 obj\debug\src\drvuart.o
                              0x52b99 (size before relaxing)
 .debug_str     0x0005c68d       0x32 obj\debug\src\font.o
                               0x342c (size before relaxing)
 .debug_str     0x0005c6bf      0x1e6 obj\debug\src\gameoflife.o
                              0x51dde (size before relaxing)
 .debug_str     0x0005c8a5       0xcd obj\debug\src\main.o
                              0x51e96 (size before relaxing)
 .debug_str     0x0005c972       0x3c obj\debug\src\random.o
                              0x4e5ee (size before relaxing)
 .debug_str     0x0005c9ae       0xb7 obj\debug\src\system_stm32f10x.o
                              0x4e664 (size before relaxing)

.debug_frame    0x00000000     0x3314
 .debug_frame   0x00000000       0xd8 obj\debug\freertos\list.o
 .debug_frame   0x000000d8      0x178 obj\debug\freertos\port.o
 .debug_frame   0x00000250      0x3a0 obj\debug\freertos\queue.o
 .debug_frame   0x000005f0      0x6b0 obj\debug\freertos\tasks.o
 .debug_frame   0x00000ca0       0xc4 obj\debug\spl\src\misc.o
 .debug_frame   0x00000d64      0x528 obj\debug\spl\src\stm32f10x_adc.o
 .debug_frame   0x0000128c      0x1a8 obj\debug\spl\src\stm32f10x_bkp.o
 .debug_frame   0x00001434       0xe8 obj\debug\spl\src\stm32f10x_crc.o
 .debug_frame   0x0000151c      0x1a0 obj\debug\spl\src\stm32f10x_dma.o
 .debug_frame   0x000016bc      0x2a0 obj\debug\spl\src\stm32f10x_gpio.o
 .debug_frame   0x0000195c      0x4bc obj\debug\spl\src\stm32f10x_i2c.o
 .debug_frame   0x00001e18      0x148 obj\debug\spl\src\stm32f10x_pwr.o
 .debug_frame   0x00001f60      0x488 obj\debug\spl\src\stm32f10x_rcc.o
 .debug_frame   0x000023e8      0x200 obj\debug\spl\src\stm32f10x_rtc.o
 .debug_frame   0x000025e8      0x430 obj\debug\spl\src\stm32f10x_usart.o
 .debug_frame   0x00002a18       0xdc obj\debug\src\drvi2c.o
 .debug_frame   0x00002af4      0x1a0 obj\debug\src\drvrtc.o
 .debug_frame   0x00002c94      0x17c obj\debug\src\drvssd1306.o
 .debug_frame   0x00002e10      0x188 obj\debug\src\drvuart.o
 .debug_frame   0x00002f98       0xf4 obj\debug\src\gameoflife.o
 .debug_frame   0x0000308c       0xdc obj\debug\src\main.o
 .debug_frame   0x00003168       0x58 obj\debug\src\random.o
 .debug_frame   0x000031c0       0x98 obj\debug\src\system_stm32f10x.o
 .debug_frame   0x00003258       0x28 c:/program files (x86)/embitz/1.11/share/em_armgcc/bin/../lib/gcc/arm-none-eabi/5.4.1/../../../../arm-none-eabi/lib/armv7-m\libg_n.a(lib_a-exit.o)
 .debug_frame   0x00003280       0x2c c:/program files (x86)/embitz/1.11/share/em_armgcc/bin/../lib/gcc/arm-none-eabi/5.4.1/../../../../arm-none-eabi/lib/armv7-m\libg_n.a(lib_a-init.o)
 .debug_frame   0x000032ac       0x28 c:/program files (x86)/embitz/1.11/share/em_armgcc/bin/../lib/gcc/arm-none-eabi/5.4.1/../../../../arm-none-eabi/lib/armv7-m\libg_n.a(lib_a-memcpy-stub.o)
 .debug_frame   0x000032d4       0x20 c:/program files (x86)/embitz/1.11/share/em_armgcc/bin/../lib/gcc/arm-none-eabi/5.4.1/../../../../arm-none-eabi/lib/armv7-m\libg_n.a(lib_a-memset.o)
 .debug_frame   0x000032f4       0x20 c:/program files (x86)/embitz/1.11/share/em_armgcc/bin/../lib/gcc/arm-none-eabi/5.4.1/../../../../arm-none-eabi/lib/armv7-m\libnosys_s.a(_exit.o)
